nohup: ignoring input
2026-06-08 16:16:42,657 [INFO] HTTP Request: POST https://owbeinlfcfdtwcwrttjy.supabase.co/rest/v1/agent_registry?on_conflict=agent_name "HTTP/2 200 OK"
2026-06-08 16:16:43,155 [INFO] HTTP Request: GET https://mapservices.weather.noaa.gov/vector/rest/services/outlooks/SPC_wx_outlks/MapServer/1/query?where=1%3D1&outFields=dn%2Cvalid%2Clabel&returnGeometry=true&f=geojson "HTTP/1.1 200 "
2026-06-08 16:16:43,588 [INFO] HTTP Request: GET https://mapservices.weather.noaa.gov/vector/rest/services/outlooks/SPC_wx_outlks/MapServer/9/query?where=1%3D1&outFields=dn%2Cvalid%2Clabel&returnGeometry=true&f=geojson "HTTP/1.1 200 "
2026-06-08 16:16:44,001 [INFO] HTTP Request: GET https://mapservices.weather.noaa.gov/vector/rest/services/outlooks/SPC_wx_outlks/MapServer/17/query?where=1%3D1&outFields=dn%2Cvalid%2Clabel&returnGeometry=true&f=geojson "HTTP/1.1 200 "
2026-06-08 16:16:44,261 [INFO] HTTP Request: POST https://owbeinlfcfdtwcwrttjy.supabase.co/rest/v1/storm_forecasts?on_conflict=id "HTTP/2 200 OK"
2026-06-08 16:16:44,451 [INFO] HTTP Request: POST https://owbeinlfcfdtwcwrttjy.supabase.co/rest/v1/agent_registry?on_conflict=agent_name "HTTP/2 200 OK"
2026-06-08 16:16:44,454 [INFO] HTTP Request: POST https://owbeinlfcfdtwcwrttjy.supabase.co/rest/v1/agent_registry?on_conflict=agent_name "HTTP/2 200 OK"
2026-06-08 16:16:44,879 [INFO] HTTP Request: GET https://mapservices.weather.noaa.gov/vector/rest/services/outlooks/SPC_wx_outlks/MapServer/1/query?where=1%3D1&outFields=dn%2Cvalid%2Clabel&returnGeometry=true&f=geojson "HTTP/1.1 200 "
2026-06-08 16:16:45,254 [INFO] HTTP Request: GET https://mapservices.weather.noaa.gov/vector/rest/services/outlooks/SPC_wx_outlks/MapServer/9/query?where=1%3D1&outFields=dn%2Cvalid%2Clabel&returnGeometry=true&f=geojson "HTTP/1.1 200 "
2026-06-08 16:16:45,636 [INFO] HTTP Request: GET https://mapservices.weather.noaa.gov/vector/rest/services/outlooks/SPC_wx_outlks/MapServer/17/query?where=1%3D1&outFields=dn%2Cvalid%2Clabel&returnGeometry=true&f=geojson "HTTP/1.1 200 "
2026-06-08 16:16:46,467 [INFO] HTTP Request: POST https://owbeinlfcfdtwcwrttjy.supabase.co/rest/v1/agent_registry?on_conflict=agent_name "HTTP/2 200 OK"
2026-06-08 16:16:47,090 [INFO] HTTP Request: GET https://owbeinlfcfdtwcwrttjy.supabase.co/rest/v1/agent_registry?select=agent_name%2Cstatus%2Clast_ping%2Cenabled "HTTP/2 200 OK"
2026-06-08 16:16:47,283 [INFO] HTTP Request: GET https://owbeinlfcfdtwcwrttjy.supabase.co/rest/v1/storm_forecasts?select=id "HTTP/2 200 OK"
2026-06-08 16:16:47,479 [INFO] HTTP Request: GET https://owbeinlfcfdtwcwrttjy.supabase.co/rest/v1/call_logs?select=qualified&created_at=gte.2026-06-08T00%3A00%3A00%2B00%3A00 "HTTP/2 200 OK"
2026-06-08 16:16:47,668 [INFO] HTTP Request: POST https://owbeinlfcfdtwcwrttjy.supabase.co/rest/v1/system_health "HTTP/2 201 Created"
2026-06-08 16:16:48,479 [INFO] HTTP Request: POST https://owbeinlfcfdtwcwrttjy.supabase.co/rest/v1/agent_registry?on_conflict=agent_name "HTTP/2 200 OK"
2026-06-08 16:16:49,024 [INFO] HTTP Request: POST https://owbeinlfcfdtwcwrttjy.supabase.co/rest/v1/agent_registry?on_conflict=agent_name "HTTP/2 200 OK"
2026-06-08 16:16:50,216 [INFO] HTTP Request: POST http://127.0.0.1:11434/api/generate "HTTP/1.1 200 OK"
2026-06-08 16:16:50,434 [INFO] HTTP Request: POST https://owbeinlfcfdtwcwrttjy.supabase.co/rest/v1/ai_call_log "HTTP/2 201 Created"
2026-06-08 16:16:50,627 [INFO] HTTP Request: POST https://owbeinlfcfdtwcwrttjy.supabase.co/rest/v1/brain_training_log "HTTP/2 201 Created"
2026-06-08 16:16:55,085 [INFO] HTTP Request: POST http://127.0.0.1:11434/api/generate "HTTP/1.1 200 OK"
2026-06-08 16:16:55,319 [INFO] HTTP Request: POST https://owbeinlfcfdtwcwrttjy.supabase.co/rest/v1/ai_call_log "HTTP/2 201 Created"
2026-06-08 16:16:55,514 [INFO] HTTP Request: POST https://owbeinlfcfdtwcwrttjy.supabase.co/rest/v1/brain_training_log "HTTP/2 201 Created"
2026-06-08 16:26:47,936 [INFO] HTTP Request: GET https://owbeinlfcfdtwcwrttjy.supabase.co/rest/v1/agent_registry?select=agent_name%2Cstatus%2Clast_ping%2Cenabled "HTTP/2 200 OK"
2026-06-08 16:26:48,131 [INFO] HTTP Request: GET https://owbeinlfcfdtwcwrttjy.supabase.co/rest/v1/storm_forecasts?select=id "HTTP/2 200 OK"
2026-06-08 16:26:48,323 [INFO] HTTP Request: GET https://owbeinlfcfdtwcwrttjy.supabase.co/rest/v1/call_logs?select=qualified&created_at=gte.2026-06-08T00%3A00%3A00%2B00%3A00 "HTTP/2 200 OK"
2026-06-08 16:26:48,531 [INFO] HTTP Request: POST https://owbeinlfcfdtwcwrttjy.supabase.co/rest/v1/system_health "HTTP/2 201 Created"
2026-06-08 16:36:48,826 [INFO] HTTP Request: GET https://owbeinlfcfdtwcwrttjy.supabase.co/rest/v1/agent_registry?select=agent_name%2Cstatus%2Clast_ping%2Cenabled "HTTP/2 200 OK"
2026-06-08 16:36:49,053 [INFO] HTTP Request: GET https://owbeinlfcfdtwcwrttjy.supabase.co/rest/v1/storm_forecasts?select=id "HTTP/2 200 OK"
2026-06-08 16:36:49,251 [INFO] HTTP Request: GET https://owbeinlfcfdtwcwrttjy.supabase.co/rest/v1/call_logs?select=qualified&created_at=gte.2026-06-08T00%3A00%3A00%2B00%3A00 "HTTP/2 200 OK"
2026-06-08 16:36:49,442 [INFO] HTTP Request: POST https://owbeinlfcfdtwcwrttjy.supabase.co/rest/v1/system_health "HTTP/2 201 Created"
2026-06-08 16:46:49,747 [INFO] HTTP Request: GET https://owbeinlfcfdtwcwrttjy.supabase.co/rest/v1/agent_registry?select=agent_name%2Cstatus%2Clast_ping%2Cenabled "HTTP/2 200 OK"
2026-06-08 16:46:49,944 [INFO] HTTP Request: GET https://owbeinlfcfdtwcwrttjy.supabase.co/rest/v1/storm_forecasts?select=id "HTTP/2 200 OK"
2026-06-08 16:46:50,137 [INFO] HTTP Request: GET https://owbeinlfcfdtwcwrttjy.supabase.co/rest/v1/call_logs?select=qualified&created_at=gte.2026-06-08T00%3A00%3A00%2B00%3A00 "HTTP/2 200 OK"
2026-06-08 16:46:50,343 [INFO] HTTP Request: POST https://owbeinlfcfdtwcwrttjy.supabase.co/rest/v1/system_health "HTTP/2 201 Created"
2026-06-08 16:56:50,585 [INFO] HTTP Request: GET https://owbeinlfcfdtwcwrttjy.supabase.co/rest/v1/agent_registry?select=agent_name%2Cstatus%2Clast_ping%2Cenabled "HTTP/2 200 OK"
2026-06-08 16:56:50,772 [INFO] HTTP Request: GET https://owbeinlfcfdtwcwrttjy.supabase.co/rest/v1/storm_forecasts?select=id "HTTP/2 200 OK"
2026-06-08 16:56:50,965 [INFO] HTTP Request: GET https://owbeinlfcfdtwcwrttjy.supabase.co/rest/v1/call_logs?select=qualified&created_at=gte.2026-06-08T00%3A00%3A00%2B00%3A00 "HTTP/2 200 OK"
2026-06-08 16:56:51,519 [INFO] HTTP Request: POST https://owbeinlfcfdtwcwrttjy.supabase.co/rest/v1/system_health "HTTP/2 201 Created"
2026-06-08 17:06:51,834 [INFO] HTTP Request: GET https://owbeinlfcfdtwcwrttjy.supabase.co/rest/v1/agent_registry?select=agent_name%2Cstatus%2Clast_ping%2Cenabled "HTTP/2 200 OK"
2026-06-08 17:06:52,020 [INFO] HTTP Request: GET https://owbeinlfcfdtwcwrttjy.supabase.co/rest/v1/storm_forecasts?select=id "HTTP/2 200 OK"
2026-06-08 17:06:52,218 [INFO] HTTP Request: GET https://owbeinlfcfdtwcwrttjy.supabase.co/rest/v1/call_logs?select=qualified&created_at=gte.2026-06-08T00%3A00%3A00%2B00%3A00 "HTTP/2 200 OK"
2026-06-08 17:06:52,451 [INFO] HTTP Request: POST https://owbeinlfcfdtwcwrttjy.supabase.co/rest/v1/system_health "HTTP/2 201 Created"
2026-06-08 17:16:45,032 [INFO] HTTP Request: GET https://mapservices.weather.noaa.gov/vector/rest/services/outlooks/SPC_wx_outlks/MapServer/1/query?where=1%3D1&outFields=dn%2Cvalid%2Clabel&returnGeometry=true&f=geojson "HTTP/1.1 200 "
2026-06-08 17:16:45,415 [INFO] HTTP Request: GET https://mapservices.weather.noaa.gov/vector/rest/services/outlooks/SPC_wx_outlks/MapServer/9/query?where=1%3D1&outFields=dn%2Cvalid%2Clabel&returnGeometry=true&f=geojson "HTTP/1.1 200 "
2026-06-08 17:16:45,818 [INFO] HTTP Request: GET https://mapservices.weather.noaa.gov/vector/rest/services/outlooks/SPC_wx_outlks/MapServer/17/query?where=1%3D1&outFields=dn%2Cvalid%2Clabel&returnGeometry=true&f=geojson "HTTP/1.1 200 "
2026-06-08 17:16:46,026 [INFO] HTTP Request: POST https://owbeinlfcfdtwcwrttjy.supabase.co/rest/v1/storm_forecasts?on_conflict=id "HTTP/2 200 OK"
2026-06-08 17:16:46,217 [INFO] HTTP Request: POST https://owbeinlfcfdtwcwrttjy.supabase.co/rest/v1/agent_registry?on_conflict=agent_name "HTTP/2 200 OK"
2026-06-08 17:16:52,766 [INFO] HTTP Request: GET https://owbeinlfcfdtwcwrttjy.supabase.co/rest/v1/agent_registry?select=agent_name%2Cstatus%2Clast_ping%2Cenabled "HTTP/2 200 OK"
2026-06-08 17:16:52,953 [INFO] HTTP Request: GET https://owbeinlfcfdtwcwrttjy.supabase.co/rest/v1/storm_forecasts?select=id "HTTP/2 200 OK"
2026-06-08 17:16:53,155 [INFO] HTTP Request: GET https://owbeinlfcfdtwcwrttjy.supabase.co/rest/v1/call_logs?select=qualified&created_at=gte.2026-06-08T00%3A00%3A00%2B00%3A00 "HTTP/2 200 OK"
2026-06-08 17:16:53,460 [INFO] HTTP Request: POST https://owbeinlfcfdtwcwrttjy.supabase.co/rest/v1/system_health "HTTP/2 201 Created"
2026-06-08 17:19:38,284 [INFO] HTTP Request: GET https://mapservices.weather.noaa.gov/vector/rest/services/outlooks/SPC_wx_outlks/MapServer/1/query?where=1%3D1&outFields=dn%2Cvalid%2Clabel&returnGeometry=true&f=geojson "HTTP/1.1 200 "
2026-06-08 17:19:38,708 [INFO] HTTP Request: GET https://mapservices.weather.noaa.gov/vector/rest/services/outlooks/SPC_wx_outlks/MapServer/9/query?where=1%3D1&outFields=dn%2Cvalid%2Clabel&returnGeometry=true&f=geojson "HTTP/1.1 200 "
2026-06-08 17:19:39,083 [INFO] HTTP Request: GET https://mapservices.weather.noaa.gov/vector/rest/services/outlooks/SPC_wx_outlks/MapServer/17/query?where=1%3D1&outFields=dn%2Cvalid%2Clabel&returnGeometry=true&f=geojson "HTTP/1.1 200 "
2026-06-08 17:19:44,568 [INFO] HTTP Request: POST http://127.0.0.1:11434/api/generate "HTTP/1.1 200 OK"
2026-06-08 17:19:44,798 [INFO] HTTP Request: POST https://owbeinlfcfdtwcwrttjy.supabase.co/rest/v1/ai_call_log "HTTP/2 201 Created"
2026-06-08 17:19:44,992 [INFO] HTTP Request: POST https://owbeinlfcfdtwcwrttjy.supabase.co/rest/v1/brain_training_log "HTTP/2 201 Created"
2026-06-08 17:19:49,815 [INFO] HTTP Request: POST http://127.0.0.1:11434/api/generate "HTTP/1.1 200 OK"
2026-06-08 17:19:50,040 [INFO] HTTP Request: POST https://owbeinlfcfdtwcwrttjy.supabase.co/rest/v1/ai_call_log "HTTP/2 201 Created"
2026-06-08 17:19:50,225 [INFO] HTTP Request: POST https://owbeinlfcfdtwcwrttjy.supabase.co/rest/v1/brain_training_log "HTTP/2 201 Created"
2026-06-08 17:26:53,781 [INFO] HTTP Request: GET https://owbeinlfcfdtwcwrttjy.supabase.co/rest/v1/agent_registry?select=agent_name%2Cstatus%2Clast_ping%2Cenabled "HTTP/2 200 OK"
2026-06-08 17:26:53,981 [INFO] HTTP Request: GET https://owbeinlfcfdtwcwrttjy.supabase.co/rest/v1/storm_forecasts?select=id "HTTP/2 200 OK"
2026-06-08 17:26:54,197 [INFO] HTTP Request: GET https://owbeinlfcfdtwcwrttjy.supabase.co/rest/v1/call_logs?select=qualified&created_at=gte.2026-06-08T00%3A00%3A00%2B00%3A00 "HTTP/2 200 OK"
2026-06-08 17:26:54,403 [INFO] HTTP Request: POST https://owbeinlfcfdtwcwrttjy.supabase.co/rest/v1/system_health "HTTP/2 201 Created"
