[BRIDGE] Call Dispatched: 28838242-12de-4020-9bbe-3694b0812ab0
[SYSTEM] Empire Brain Online: Scanning for Opportunities...
[SYSTEM] Empire Brain Online: Scanning for Opportunities...
[SYSTEM] Empire Brain Online: Scanning for Opportunities...
[SYSTEM] Empire Brain Online: Scanning for Opportunities...
[SYSTEM] Empire Brain Online: Scanning for Opportunities...
[SYSTEM] Empire Brain Online: Scanning for Opportunities...
[SYSTEM] Empire Brain Online: Scanning for Opportunities...
[SYSTEM] Empire Brain Online: Scanning for Opportunities...
[SYSTEM] Empire Brain Online: Scanning for Opportunities...
[SYSTEM] Empire Brain Online: Scanning for Opportunities...
[SYSTEM] Empire Brain Online: Scanning for Opportunities...
[SYSTEM] Empire Brain Online: Scanning for Opportunities...
[SYSTEM] Empire Brain Online: Scanning for Opportunities...
[SYSTEM] Empire Brain Online: Scanning for Opportunities...
[SYSTEM] Empire Brain Online: Scanning for Opportunities...
[SYSTEM] Empire Brain Online: Scanning for Opportunities...
[SYSTEM] Empire Brain Online: Scanning for Opportunities...
[SYSTEM] Empire Brain Online: Scanning for Opportunities...
[SYSTEM] Empire Brain Online: Scanning for Opportunities...
[SYSTEM] Empire Brain Online: Scanning for Opportunities...
[SYSTEM] Empire Brain Online: Scanning for Opportunities...
[SYSTEM] Empire Brain Online: Scanning for Opportunities...
[SYSTEM] Empire Brain Online: Scanning for Opportunities...
[SYSTEM] Empire Brain Online: Scanning for Opportunities...
[SYSTEM] Empire Brain Online: Scanning for Opportunities...
[SYSTEM] Empire Brain Online: Scanning for Opportunities...
[SYSTEM] Empire Brain Online: Scanning for Opportunities...
[SYSTEM] Empire Brain Online: Scanning for Opportunities...
[SYSTEM] Empire Brain Online: Scanning for Opportunities...
[SYSTEM] Empire Brain Online: Scanning for Opportunities...
[SYSTEM] Empire Brain Online: Scanning for Opportunities...
[SYSTEM] Empire Brain Online: Scanning for Opportunities...
[SYSTEM] Empire Brain Online: Scanning for Opportunities...
[SYSTEM] Empire Brain Online: Scanning for Opportunities...
[SYSTEM] Empire Brain Online: Scanning for Opportunities...
[SYSTEM] Empire Brain Online: Scanning for Opportunities...
[SYSTEM] Empire Brain Online: Scanning for Opportunities...
[SYSTEM] Empire Brain Online: Scanning for Opportunities...
Traceback (most recent call last):
  File "/root/empire-v49/empire_brain.py", line 8, in <module>
    from empire_outbound_dialer import initiate_legal_call, ComplianceBlock
  File "/root/empire-v49/empire_outbound_dialer.py", line 14, in <module>
    _sb = create_client(os.getenv("SUPABASE_URL", ""), os.getenv("SUPABASE_SERVICE_KEY", ""))
  File "/usr/local/lib/python3.10/dist-packages/supabase/_sync/client.py", line 380, in create_client
    return Client.create(
  File "/usr/local/lib/python3.10/dist-packages/supabase/_sync/client.py", line 109, in create
    client = cls(supabase_url, supabase_key, options)
  File "/usr/local/lib/python3.10/dist-packages/supabase/_sync/client.py", line 57, in __init__
    raise SupabaseException("supabase_url is required")
supabase._sync.client.SupabaseException: supabase_url is required
Traceback (most recent call last):
  File "/root/empire-v49/empire_brain.py", line 8, in <module>
    from empire_outbound_dialer import initiate_legal_call, ComplianceBlock
  File "/root/empire-v49/empire_outbound_dialer.py", line 14, in <module>
    _sb = create_client(os.getenv("SUPABASE_URL", ""), os.getenv("SUPABASE_SERVICE_KEY", ""))
  File "/usr/local/lib/python3.10/dist-packages/supabase/_sync/client.py", line 380, in create_client
    return Client.create(
  File "/usr/local/lib/python3.10/dist-packages/supabase/_sync/client.py", line 109, in create
    client = cls(supabase_url, supabase_key, options)
  File "/usr/local/lib/python3.10/dist-packages/supabase/_sync/client.py", line 57, in __init__
    raise SupabaseException("supabase_url is required")
supabase._sync.client.SupabaseException: supabase_url is required
Traceback (most recent call last):
  File "/root/empire-v49/empire_brain.py", line 8, in <module>
    from empire_outbound_dialer import initiate_legal_call, ComplianceBlock
  File "/root/empire-v49/empire_outbound_dialer.py", line 14, in <module>
    _sb = create_client(os.getenv("SUPABASE_URL", ""), os.getenv("SUPABASE_SERVICE_KEY", ""))
  File "/usr/local/lib/python3.10/dist-packages/supabase/_sync/client.py", line 380, in create_client
    return Client.create(
  File "/usr/local/lib/python3.10/dist-packages/supabase/_sync/client.py", line 109, in create
    client = cls(supabase_url, supabase_key, options)
  File "/usr/local/lib/python3.10/dist-packages/supabase/_sync/client.py", line 57, in __init__
    raise SupabaseException("supabase_url is required")
supabase._sync.client.SupabaseException: supabase_url is required
Traceback (most recent call last):
  File "/root/empire-v49/empire_brain.py", line 8, in <module>
    from empire_outbound_dialer import initiate_legal_call, ComplianceBlock
  File "/root/empire-v49/empire_outbound_dialer.py", line 14, in <module>
    _sb = create_client(os.getenv("SUPABASE_URL", ""), os.getenv("SUPABASE_SERVICE_KEY", ""))
  File "/usr/local/lib/python3.10/dist-packages/supabase/_sync/client.py", line 380, in create_client
    return Client.create(
  File "/usr/local/lib/python3.10/dist-packages/supabase/_sync/client.py", line 109, in create
    client = cls(supabase_url, supabase_key, options)
  File "/usr/local/lib/python3.10/dist-packages/supabase/_sync/client.py", line 57, in __init__
    raise SupabaseException("supabase_url is required")
supabase._sync.client.SupabaseException: supabase_url is required
[vonage] Adapter DISABLED · missing credentials (will log-only)
Traceback (most recent call last):
  File "/root/empire-v49/empire_brain.py", line 8, in <module>
    from empire_outbound_dialer import initiate_legal_call, ComplianceBlock
  File "/root/empire-v49/empire_outbound_dialer.py", line 24, in <module>
    _sb = create_client(os.getenv("SUPABASE_URL", ""), os.getenv("SUPABASE_SERVICE_KEY", ""))
  File "/usr/local/lib/python3.10/dist-packages/supabase/_sync/client.py", line 380, in create_client
    return Client.create(
  File "/usr/local/lib/python3.10/dist-packages/supabase/_sync/client.py", line 109, in create
    client = cls(supabase_url, supabase_key, options)
  File "/usr/local/lib/python3.10/dist-packages/supabase/_sync/client.py", line 57, in __init__
    raise SupabaseException("supabase_url is required")
supabase._sync.client.SupabaseException: supabase_url is required
